
> besteuropeanspots@0.1.0 build
> next build --webpack

node.exe : 鈿?Warning: Next.js inferred your workspace root, but it may not be c
orrect.
所在位置 行:1 字符: 1
+ & "C:\Program Files\nodejs/node.exe" "C:\Program Files\nodejs/node_mo ...
+ ~~~~~~~~~~~~~~~~~~~~~~~~~~~~~~~~~~~~~~~~~~~~~~~~~~~~~~~~~~~~~~~~~~~~~
    + CategoryInfo          : NotSpecified: (鈿?Warning: Next...not be correct. 
   :String) [], RemoteException
    + FullyQualifiedErrorId : NativeCommandError
 
 We detected multiple lockfiles and selected the directory of C:\Users\Administ
rator\package-lock.json as the root directory.
 To silence this warning, set `outputFileTracingRoot` in your Next.js config, o
r consider removing one of the lockfiles if it's not needed.
   See https://nextjs.org/docs/app/api-reference/config/next-config-js/output#c
aveats for more information.
 Detected additional lockfiles: 
   * C:\Users\Administrator\Documents\GitHub\besteuropeanspots\package-lock.jso
n

鈻?Next.js 16.2.3 (webpack)

  Creating an optimized production build ...

<--- Last few GCs --->

[17556:000001EE2130B000]   121530 ms: Scavenge (interleaved) 4086.5 (4125.9) ->
 4080.4 (4126.7) MB, pooled: 2 MB, 16.56 / 0.00 ms  (average mu = 0.146, curren
t mu = 0.010) allocation failure; 
[17556:000001EE2130B000]   122214 ms: Mark-Compact (reduce) 4090.4 (4129.7) -> 
4074.4 (4112.2) MB, pooled: 0 MB, 573.36 / 0.00 ms  (+ 11.6 ms in 150 steps sin
ce start of marking, biggest step 5.0 ms, walltime since start of marking 639 m
s) (average mu = 0
FATAL ERROR: Ineffective mark-compacts near heap limit Allocation failed - Java
Script heap out of memory
----- Native stack trace -----

 1: 00007FF66047C36F node::OnFatalError+1343
 2: 00007FF6610C4D77 v8::Function::NewInstance+423
 3: 00007FF660EC5467 v8::base::AddressSpaceReservation::AddressSpaceReservation
+322071
 4: 00007FF660EC9174 v8::base::AddressSpaceReservation::AddressSpaceReservation
+337700
 5: 00007FF660ED810C v8::internal::StrongRootAllocatorBase::deallocate_impl+166
04
 6: 00007FF660ED794B v8::internal::StrongRootAllocatorBase::deallocate_impl+146
19
 7: 00007FF66235DAED v8::base::UnsignedDivisionByConstant<unsigned __int64>+279
1421
 8: 00007FF660EC2F30 v8::base::AddressSpaceReservation::AddressSpaceReservation
+312544
 9: 00007FF660EDD7BA X509_STORE_set_cleanup+5098
10: 00007FF660EE9C56 uv_timer_set_repeat+20694
11: 00007FF660ABCD47 v8::String::Utf8Value::~Utf8Value+143495
12: 000001EE599F733A 
Next.js build worker exited with code: 134 and signal: null
